lib/email.ts(1,24): error TS2307: Cannot find module 'resend' or its corresponding type declarations.
lib/models/user.ts(25,71): error TS2345: Argument of type 'User' is not assignable to parameter of type 'OptionalId<Document>'.
  Type 'User' is not assignable to type '{ _id?: ObjectId | undefined; }'.
    Types of property '_id' are incompatible.
      Type 'string | undefined' is not assignable to type 'ObjectId | undefined'.
        Type 'string' is not assignable to type 'ObjectId'.
lib/models/user.ts(34,63): error TS2769: No overload matches this call.
  Overload 1 of 6, '(filter: Filter<Document>): Promise<WithId<Document> | null>', gave the following error.
    Type 'string' is not assignable to type 'Condition<ObjectId> | undefined'.
  Overload 2 of 6, '(filter: Filter<Document>): Promise<Document | null>', gave the following error.
    Type 'string' is not assignable to type 'Condition<ObjectId> | undefined'.
  Overload 3 of 6, '(filter: Filter<Document>, options?: (Omit<FindOneOptions, "timeoutMode"> & Abortable) | undefined): Promise<Document | null>', gave the following error.
    Type 'string' is not assignable to type 'Condition<ObjectId> | undefined'.
lib/models/user.ts(39,9): error TS2322: Type 'string' is not assignable to type 'Condition<ObjectId> | undefined'.
lib/models/user.ts(47,9): error TS2322: Type 'string' is not assignable to type 'Condition<ObjectId> | undefined'.
lib/models/user.ts(54,9): error TS2322: Type 'string' is not assignable to type 'Condition<ObjectId> | undefined'.
playwright.config.ts(1,39): error TS2307: Cannot find module '@playwright/test' or its corresponding type declarations.
tests/auth.e2e.spec.ts(8,36): error TS2307: Cannot find module '@playwright/test' or its corresponding type declarations.
tests/auth.e2e.spec.ts(43,28): error TS7031: Binding element 'page' implicitly has an 'any' type.
tests/auth.e2e.spec.ts(47,59): error TS7031: Binding element 'page' implicitly has an 'any' type.
tests/auth.e2e.spec.ts(57,69): error TS7031: Binding element 'page' implicitly has an 'any' type.
tests/auth.e2e.spec.ts(73,63): error TS7031: Binding element 'page' implicitly has an 'any' type.
tests/auth.e2e.spec.ts(88,69): error TS7031: Binding element 'page' implicitly has an 'any' type.
tests/auth.e2e.spec.ts(103,71): error TS7031: Binding element 'page' implicitly has an 'any' type.
tests/auth.e2e.spec.ts(112,80): error TS7031: Binding element 'page' implicitly has an 'any' type.
tests/auth.e2e.spec.ts(127,70): error TS7031: Binding element 'page' implicitly has an 'any' type.
tests/auth.e2e.spec.ts(143,27): error TS7031: Binding element 'browser' implicitly has an 'any' type.
tests/auth.e2e.spec.ts(164,28): error TS7031: Binding element 'page' implicitly has an 'any' type.
tests/auth.e2e.spec.ts(168,63): error TS7031: Binding element 'page' implicitly has an 'any' type.
tests/auth.e2e.spec.ts(178,59): error TS7031: Binding element 'page' implicitly has an 'any' type.
tests/auth.e2e.spec.ts(189,62): error TS7031: Binding element 'page' implicitly has an 'any' type.
tests/auth.e2e.spec.ts(201,58): error TS7031: Binding element 'page' implicitly has an 'any' type.
tests/auth.e2e.spec.ts(210,65): error TS7031: Binding element 'page' implicitly has an 'any' type.
tests/auth.e2e.spec.ts(222,73): error TS7031: Binding element 'page' implicitly has an 'any' type.
tests/auth.e2e.spec.ts(235,60): error TS7031: Binding element 'page' implicitly has an 'any' type.
tests/auth.e2e.spec.ts(257,28): error TS7031: Binding element 'page' implicitly has an 'any' type.
tests/auth.e2e.spec.ts(261,63): error TS7031: Binding element 'page' implicitly has an 'any' type.
tests/auth.e2e.spec.ts(274,70): error TS7031: Binding element 'page' implicitly has an 'any' type.
tests/auth.e2e.spec.ts(284,63): error TS7031: Binding element 'page' implicitly has an 'any' type.
tests/auth.e2e.spec.ts(293,60): error TS7031: Binding element 'page' implicitly has an 'any' type.
tests/auth.e2e.spec.ts(306,73): error TS7031: Binding element 'page' implicitly has an 'any' type.
tests/auth.e2e.spec.ts(318,75): error TS7031: Binding element 'page' implicitly has an 'any' type.
tests/auth.e2e.spec.ts(334,28): error TS7031: Binding element 'page' implicitly has an 'any' type.
tests/auth.e2e.spec.ts(342,63): error TS7031: Binding element 'page' implicitly has an 'any' type.
tests/auth.e2e.spec.ts(353,62): error TS7031: Binding element 'page' implicitly has an 'any' type.
tests/auth.e2e.spec.ts(372,69): error TS7031: Binding element 'page' implicitly has an 'any' type.
tests/auth.e2e.spec.ts(381,44): error TS7006: Parameter 'c' implicitly has an 'any' type.
tests/auth.e2e.spec.ts(382,42): error TS7006: Parameter 'c' implicitly has an 'any' type.
tests/auth.e2e.spec.ts(388,71): error TS7031: Binding element 'page' implicitly has an 'any' type.
tests/auth.e2e.spec.ts(404,85): error TS7031: Binding element 'page' implicitly has an 'any' type.
tests/auth.e2e.spec.ts(420,52): error TS7031: Binding element 'page' implicitly has an 'any' type.
tests/auth.e2e.spec.ts(434,49): error TS7031: Binding element 'page' implicitly has an 'any' type.
tests/auth.e2e.spec.ts(457,74): error TS7031: Binding element 'page' implicitly has an 'any' type.
tests/auth.e2e.spec.ts(481,69): error TS7031: Binding element 'page' implicitly has an 'any' type.
tests/auth.unit.test.ts(15,14): error TS2304: Cannot find name 'jest'.
tests/auth.unit.test.ts(16,12): error TS2304: Cannot find name 'jest'.
tests/auth.unit.test.ts(17,14): error TS2304: Cannot find name 'jest'.
tests/auth.unit.test.ts(18,9): error TS2304: Cannot find name 'jest'.
tests/auth.unit.test.ts(19,14): error TS2304: Cannot find name 'jest'.
tests/auth.unit.test.ts(23,1): error TS2304: Cannot find name 'jest'.
tests/auth.unit.test.ts(24,10): error TS2304: Cannot find name 'jest'.
tests/auth.unit.test.ts(25,17): error TS2304: Cannot find name 'jest'.
tests/auth.unit.test.ts(29,1): error TS2582: Cannot find name 'describe'. Do you need to install type definitions for a test runner? Try `npm i --save-dev @types/jest` or `npm i --save-dev @types/mocha`.
tests/auth.unit.test.ts(35,3): error TS2304: Cannot find name 'beforeEach'.
tests/auth.unit.test.ts(40,3): error TS2304: Cannot find name 'afterEach'.
tests/auth.unit.test.ts(44,3): error TS2582: Cannot find name 'describe'. Do you need to install type definitions for a test runner? Try `npm i --save-dev @types/jest` or `npm i --save-dev @types/mocha`.
tests/auth.unit.test.ts(45,5): error TS2582: Cannot find name 'it'. Do you need to install type definitions for a test runner? Try `npm i --save-dev @types/jest` or `npm i --save-dev @types/mocha`.
tests/auth.unit.test.ts(48,7): error TS2304: Cannot find name 'expect'.
tests/auth.unit.test.ts(49,7): error TS2304: Cannot find name 'expect'.
tests/auth.unit.test.ts(50,7): error TS2304: Cannot find name 'expect'.
tests/auth.unit.test.ts(53,5): error TS2582: Cannot find name 'it'. Do you need to install type definitions for a test runner? Try `npm i --save-dev @types/jest` or `npm i --save-dev @types/mocha`.
tests/auth.unit.test.ts(57,7): error TS2304: Cannot find name 'expect'.
tests/auth.unit.test.ts(58,7): error TS2304: Cannot find name 'expect'.
tests/auth.unit.test.ts(59,7): error TS2304: Cannot find name 'expect'.
tests/auth.unit.test.ts(62,5): error TS2582: Cannot find name 'it'. Do you need to install type definitions for a test runner? Try `npm i --save-dev @types/jest` or `npm i --save-dev @types/mocha`.
tests/auth.unit.test.ts(67,34): error TS2339: Property 'exp' does not exist on type 'TokenPayload'.
tests/auth.unit.test.ts(67,49): error TS2339: Property 'iat' does not exist on type 'TokenPayload'.
tests/auth.unit.test.ts(70,7): error TS2304: Cannot find name 'expect'.
tests/auth.unit.test.ts(74,3): error TS2582: Cannot find name 'describe'. Do you need to install type definitions for a test runner? Try `npm i --save-dev @types/jest` or `npm i --save-dev @types/mocha`.
tests/auth.unit.test.ts(75,5): error TS2582: Cannot find name 'it'. Do you need to install type definitions for a test runner? Try `npm i --save-dev @types/jest` or `npm i --save-dev @types/mocha`.
tests/auth.unit.test.ts(79,7): error TS2304: Cannot find name 'expect'.
tests/auth.unit.test.ts(80,7): error TS2304: Cannot find name 'expect'.
tests/auth.unit.test.ts(81,7): error TS2304: Cannot find name 'expect'.
tests/auth.unit.test.ts(84,5): error TS2582: Cannot find name 'it'. Do you need to install type definitions for a test runner? Try `npm i --save-dev @types/jest` or `npm i --save-dev @types/mocha`.
tests/auth.unit.test.ts(88,7): error TS2304: Cannot find name 'expect'.
tests/auth.unit.test.ts(91,5): error TS2582: Cannot find name 'it'. Do you need to install type definitions for a test runner? Try `npm i --save-dev @types/jest` or `npm i --save-dev @types/mocha`.
tests/auth.unit.test.ts(99,7): error TS2304: Cannot find name 'expect'.
tests/auth.unit.test.ts(102,5): error TS2582: Cannot find name 'it'. Do you need to install type definitions for a test runner? Try `npm i --save-dev @types/jest` or `npm i --save-dev @types/mocha`.
tests/auth.unit.test.ts(109,7): error TS2304: Cannot find name 'expect'.
tests/auth.unit.test.ts(113,3): error TS2582: Cannot find name 'describe'. Do you need to install type definitions for a test runner? Try `npm i --save-dev @types/jest` or `npm i --save-dev @types/mocha`.
tests/auth.unit.test.ts(114,5): error TS2582: Cannot find name 'it'. Do you need to install type definitions for a test runner? Try `npm i --save-dev @types/jest` or `npm i --save-dev @types/mocha`.
tests/auth.unit.test.ts(120,7): error TS2304: Cannot find name 'expect'.
tests/auth.unit.test.ts(121,7): error TS2304: Cannot find name 'expect'.
tests/auth.unit.test.ts(122,7): error TS2304: Cannot find name 'expect'.
tests/auth.unit.test.ts(125,5): error TS2582: Cannot find name 'it'. Do you need to install type definitions for a test runner? Try `npm i --save-dev @types/jest` or `npm i --save-dev @types/mocha`.
tests/auth.unit.test.ts(130,7): error TS2304: Cannot find name 'expect'.
tests/auth.unit.test.ts(131,7): error TS2304: Cannot find name 'expect'.
tests/auth.unit.test.ts(132,7): error TS2304: Cannot find name 'expect'.
tests/auth.unit.test.ts(135,5): error TS2582: Cannot find name 'it'. Do you need to install type definitions for a test runner? Try `npm i --save-dev @types/jest` or `npm i --save-dev @types/mocha`.
tests/auth.unit.test.ts(138,7): error TS2304: Cannot find name 'expect'.
tests/auth.unit.test.ts(143,1): error TS2582: Cannot find name 'describe'. Do you need to install type definitions for a test runner? Try `npm i --save-dev @types/jest` or `npm i --save-dev @types/mocha`.
tests/auth.unit.test.ts(144,3): error TS2304: Cannot find name 'beforeEach'.
tests/auth.unit.test.ts(151,3): error TS2582: Cannot find name 'describe'. Do you need to install type definitions for a test runner? Try `npm i --save-dev @types/jest` or `npm i --save-dev @types/mocha`.
tests/auth.unit.test.ts(152,5): error TS2582: Cannot find name 'it'. Do you need to install type definitions for a test runner? Try `npm i --save-dev @types/jest` or `npm i --save-dev @types/mocha`.
tests/auth.unit.test.ts(170,7): error TS2304: Cannot find name 'expect'.
tests/auth.unit.test.ts(171,7): error TS2304: Cannot find name 'expect'.
tests/auth.unit.test.ts(174,7): error TS2304: Cannot find name 'expect'.
tests/auth.unit.test.ts(177,5): error TS2582: Cannot find name 'it'. Do you need to install type definitions for a test runner? Try `npm i --save-dev @types/jest` or `npm i --save-dev @types/mocha`.
tests/auth.unit.test.ts(182,7): error TS2304: Cannot find name 'expect'.
tests/auth.unit.test.ts(185,7): error TS2304: Cannot find name 'expect'.
tests/auth.unit.test.ts(188,5): error TS2582: Cannot find name 'it'. Do you need to install type definitions for a test runner? Try `npm i --save-dev @types/jest` or `npm i --save-dev @types/mocha`.
tests/auth.unit.test.ts(207,7): error TS2304: Cannot find name 'expect'.
tests/auth.unit.test.ts(211,3): error TS2582: Cannot find name 'describe'. Do you need to install type definitions for a test runner? Try `npm i --save-dev @types/jest` or `npm i --save-dev @types/mocha`.
tests/auth.unit.test.ts(212,5): error TS2582: Cannot find name 'it'. Do you need to install type definitions for a test runner? Try `npm i --save-dev @types/jest` or `npm i --save-dev @types/mocha`.
tests/auth.unit.test.ts(217,7): error TS2304: Cannot find name 'expect'.
tests/auth.unit.test.ts(220,7): error TS2304: Cannot find name 'expect'.
tests/auth.unit.test.ts(223,5): error TS2582: Cannot find name 'it'. Do you need to install type definitions for a test runner? Try `npm i --save-dev @types/jest` or `npm i --save-dev @types/mocha`.
tests/auth.unit.test.ts(239,7): error TS2304: Cannot find name 'expect'.
tests/auth.unit.test.ts(243,3): error TS2582: Cannot find name 'describe'. Do you need to install type definitions for a test runner? Try `npm i --save-dev @types/jest` or `npm i --save-dev @types/mocha`.
tests/auth.unit.test.ts(244,5): error TS2582: Cannot find name 'it'. Do you need to install type definitions for a test runner? Try `npm i --save-dev @types/jest` or `npm i --save-dev @types/mocha`.
tests/auth.unit.test.ts(252,7): error TS2304: Cannot find name 'expect'.
tests/auth.unit.test.ts(253,7): error TS2304: Cannot find name 'expect'.
tests/auth.unit.test.ts(258,1): error TS2582: Cannot find name 'describe'. Do you need to install type definitions for a test runner? Try `npm i --save-dev @types/jest` or `npm i --save-dev @types/mocha`.
tests/auth.unit.test.ts(259,3): error TS2304: Cannot find name 'beforeEach'.
tests/auth.unit.test.ts(266,3): error TS2582: Cannot find name 'describe'. Do you need to install type definitions for a test runner? Try `npm i --save-dev @types/jest` or `npm i --save-dev @types/mocha`.
tests/auth.unit.test.ts(267,5): error TS2582: Cannot find name 'it'. Do you need to install type definitions for a test runner? Try `npm i --save-dev @types/jest` or `npm i --save-dev @types/mocha`.
tests/auth.unit.test.ts(270,7): error TS2304: Cannot find name 'expect'.
tests/auth.unit.test.ts(271,7): error TS2304: Cannot find name 'expect'.
tests/auth.unit.test.ts(274,5): error TS2582: Cannot find name 'it'. Do you need to install type definitions for a test runner? Try `npm i --save-dev @types/jest` or `npm i --save-dev @types/mocha`.
tests/auth.unit.test.ts(285,7): error TS2304: Cannot find name 'expect'.
tests/auth.unit.test.ts(286,7): error TS2304: Cannot find name 'expect'.
tests/auth.unit.test.ts(289,5): error TS2582: Cannot find name 'it'. Do you need to install type definitions for a test runner? Try `npm i --save-dev @types/jest` or `npm i --save-dev @types/mocha`.
tests/auth.unit.test.ts(295,7): error TS2304: Cannot find name 'expect'.
tests/auth.unit.test.ts(299,3): error TS2582: Cannot find name 'describe'. Do you need to install type definitions for a test runner? Try `npm i --save-dev @types/jest` or `npm i --save-dev @types/mocha`.
tests/auth.unit.test.ts(300,5): error TS2582: Cannot find name 'it'. Do you need to install type definitions for a test runner? Try `npm i --save-dev @types/jest` or `npm i --save-dev @types/mocha`.
tests/auth.unit.test.ts(315,7): error TS2304: Cannot find name 'expect'.
tests/auth.unit.test.ts(321,5): error TS2582: Cannot find name 'it'. Do you need to install type definitions for a test runner? Try `npm i --save-dev @types/jest` or `npm i --save-dev @types/mocha`.
tests/auth.unit.test.ts(327,7): error TS2304: Cannot find name 'expect'.
tests/auth.unit.test.ts(330,5): error TS2582: Cannot find name 'it'. Do you need to install type definitions for a test runner? Try `npm i --save-dev @types/jest` or `npm i --save-dev @types/mocha`.
tests/auth.unit.test.ts(336,7): error TS2304: Cannot find name 'expect'.
tests/auth.unit.test.ts(339,5): error TS2582: Cannot find name 'it'. Do you need to install type definitions for a test runner? Try `npm i --save-dev @types/jest` or `npm i --save-dev @types/mocha`.
tests/auth.unit.test.ts(359,7): error TS2304: Cannot find name 'expect'.
tests/auth.unit.test.ts(362,7): error TS2304: Cannot find name 'expect'.
tests/auth.unit.test.ts(367,1): error TS2582: Cannot find name 'describe'. Do you need to install type definitions for a test runner? Try `npm i --save-dev @types/jest` or `npm i --save-dev @types/mocha`.
tests/auth.unit.test.ts(368,3): error TS2582: Cannot find name 'describe'. Do you need to install type definitions for a test runner? Try `npm i --save-dev @types/jest` or `npm i --save-dev @types/mocha`.
tests/auth.unit.test.ts(384,5): error TS2582: Cannot find name 'test'. Do you need to install type definitions for a test runner? Try `npm i --save-dev @types/jest` or `npm i --save-dev @types/mocha`.
tests/auth.unit.test.ts(384,62): error TS7006: Parameter 'email' implicitly has an 'any' type.
tests/auth.unit.test.ts(386,7): error TS2304: Cannot find name 'expect'.
tests/auth.unit.test.ts(389,5): error TS2582: Cannot find name 'test'. Do you need to install type definitions for a test runner? Try `npm i --save-dev @types/jest` or `npm i --save-dev @types/mocha`.
tests/auth.unit.test.ts(389,66): error TS7006: Parameter 'email' implicitly has an 'any' type.
tests/auth.unit.test.ts(391,7): error TS2304: Cannot find name 'expect'.
tests/auth.unit.test.ts(395,3): error TS2582: Cannot find name 'describe'. Do you need to install type definitions for a test runner? Try `npm i --save-dev @types/jest` or `npm i --save-dev @types/mocha`.
tests/auth.unit.test.ts(396,5): error TS2582: Cannot find name 'it'. Do you need to install type definitions for a test runner? Try `npm i --save-dev @types/jest` or `npm i --save-dev @types/mocha`.
tests/auth.unit.test.ts(400,9): error TS2304: Cannot find name 'expect'.
tests/auth.unit.test.ts(404,5): error TS2582: Cannot find name 'it'. Do you need to install type definitions for a test runner? Try `npm i --save-dev @types/jest` or `npm i --save-dev @types/mocha`.
tests/auth.unit.test.ts(408,9): error TS2304: Cannot find name 'expect'.
tests/auth.unit.test.ts(412,5): error TS2582: Cannot find name 'it'. Do you need to install type definitions for a test runner? Try `npm i --save-dev @types/jest` or `npm i --save-dev @types/mocha`.
tests/auth.unit.test.ts(419,7): error TS2304: Cannot find name 'expect'.
tests/auth.unit.test.ts(420,7): error TS2304: Cannot find name 'expect'.
tests/auth.unit.test.ts(421,7): error TS2304: Cannot find name 'expect'.
tests/auth.unit.test.ts(426,3): error TS2582: Cannot find name 'describe'. Do you need to install type definitions for a test runner? Try `npm i --save-dev @types/jest` or `npm i --save-dev @types/mocha`.
tests/auth.unit.test.ts(427,5): error TS2582: Cannot find name 'it'. Do you need to install type definitions for a test runner? Try `npm i --save-dev @types/jest` or `npm i --save-dev @types/mocha`.
tests/auth.unit.test.ts(432,7): error TS2304: Cannot find name 'expect'.
tests/auth.unit.test.ts(433,7): error TS2304: Cannot find name 'expect'.
tests/auth.unit.test.ts(434,7): error TS2304: Cannot find name 'expect'.
tests/auth.unit.test.ts(437,5): error TS2582: Cannot find name 'it'. Do you need to install type definitions for a test runner? Try `npm i --save-dev @types/jest` or `npm i --save-dev @types/mocha`.
tests/auth.unit.test.ts(448,9): error TS2304: Cannot find name 'expect'.
tests/auth.unit.test.ts(453,9): error TS2304: Cannot find name 'expect'.
tests/auth.unit.test.ts(456,11): error TS2304: Cannot find name 'expect'.
tests/auth.unit.test.ts(462,3): error TS2582: Cannot find name 'describe'. Do you need to install type definitions for a test runner? Try `npm i --save-dev @types/jest` or `npm i --save-dev @types/mocha`.
tests/auth.unit.test.ts(463,5): error TS2582: Cannot find name 'it'. Do you need to install type definitions for a test runner? Try `npm i --save-dev @types/jest` or `npm i --save-dev @types/mocha`.
tests/auth.unit.test.ts(471,7): error TS2304: Cannot find name 'expect'.
tests/auth.unit.test.ts(472,7): error TS2304: Cannot find name 'expect'.
tests/auth.unit.test.ts(475,5): error TS2582: Cannot find name 'it'. Do you need to install type definitions for a test runner? Try `npm i --save-dev @types/jest` or `npm i --save-dev @types/mocha`.
tests/auth.unit.test.ts(483,7): error TS2304: Cannot find name 'expect'.
tests/auth.unit.test.ts(484,7): error TS2304: Cannot find name 'expect'.
tests/auth.unit.test.ts(485,7): error TS2304: Cannot find name 'expect'.
tests/auth.unit.test.ts(487,7): error TS2304: Cannot find name 'expect'.
tests/auth.unit.test.ts(492,1): error TS2582: Cannot find name 'describe'. Do you need to install type definitions for a test runner? Try `npm i --save-dev @types/jest` or `npm i --save-dev @types/mocha`.
tests/auth.unit.test.ts(493,3): error TS2582: Cannot find name 'it'. Do you need to install type definitions for a test runner? Try `npm i --save-dev @types/jest` or `npm i --save-dev @types/mocha`.
tests/auth.unit.test.ts(498,5): error TS2304: Cannot find name 'expect'.
tests/auth.unit.test.ts(504,5): error TS2304: Cannot find name 'expect'.
tests/auth.unit.test.ts(508,5): error TS2304: Cannot find name 'expect'.
tests/auth.unit.test.ts(511,3): error TS2582: Cannot find name 'it'. Do you need to install type definitions for a test runner? Try `npm i --save-dev @types/jest` or `npm i --save-dev @types/mocha`.
tests/auth.unit.test.ts(529,5): error TS2304: Cannot find name 'expect'.
tests/auth.unit.test.ts(533,1): error TS2582: Cannot find name 'describe'. Do you need to install type definitions for a test runner? Try `npm i --save-dev @types/jest` or `npm i --save-dev @types/mocha`.
tests/auth.unit.test.ts(534,3): error TS2582: Cannot find name 'it'. Do you need to install type definitions for a test runner? Try `npm i --save-dev @types/jest` or `npm i --save-dev @types/mocha`.
tests/auth.unit.test.ts(543,5): error TS2304: Cannot find name 'expect'.
tests/auth.unit.test.ts(546,3): error TS2582: Cannot find name 'it'. Do you need to install type definitions for a test runner? Try `npm i --save-dev @types/jest` or `npm i --save-dev @types/mocha`.
tests/auth.unit.test.ts(548,17): error TS2540: Cannot assign to 'NODE_ENV' because it is a read-only property.
tests/auth.unit.test.ts(556,5): error TS2304: Cannot find name 'expect'.
tests/auth.unit.test.ts(558,17): error TS2540: Cannot assign to 'NODE_ENV' because it is a read-only property.
tests/auth.unit.test.ts(561,3): error TS2582: Cannot find name 'it'. Do you need to install type definitions for a test runner? Try `npm i --save-dev @types/jest` or `npm i --save-dev @types/mocha`.
tests/auth.unit.test.ts(568,5): error TS2304: Cannot find name 'expect'.
tests/auth.unit.test.ts(571,3): error TS2582: Cannot find name 'it'. Do you need to install type definitions for a test runner? Try `npm i --save-dev @types/jest` or `npm i --save-dev @types/mocha`.
tests/auth.unit.test.ts(575,5): error TS2304: Cannot find name 'expect'.
